// Jest Snapshot v1, https://goo.gl/fbAQLP

exports[`Register Component matches the snapshot 1`] = `
<DocumentFragment>
  <div
    class="MuiGrid2-root MuiGrid2-container MuiGrid2-direction-xs-row css-158jqj9-MuiGrid2-root"
  >
    <div
      class="MuiGrid2-root MuiGrid2-direction-xs-row MuiGrid2-grid-xs-12 MuiGrid2-grid-sm-5 MuiGrid2-grid-lg-4 css-f3i8j2-MuiGrid2-root"
    >
      <div
        class="bg-white text-black p-4 MuiBox-root css-ph8oxj"
      >
        <h2
          class="MuiTypography-root MuiTypography-h2 MuiTypography-gutterBottom css-8s1fgi-MuiTypography-root"
        >
          Buena
        </h2>
        <p
          class="MuiTypography-root MuiTypography-body1 MuiTypography-alignJustify css-d4fp74-MuiTypography-root"
          style="--Typography-textAlign: justify;"
        >
          Our program, Buena Rentals, is dedicated to providing the best rental services in the industry. We offer a wide range of rental properties to suit all needs and budgets. Our team is committed to ensuring that our clients have a seamless and enjoyable rental experience.
        </p>
      </div>
    </div>
    <div
      class="MuiGrid2-root MuiGrid2-direction-xs-row MuiGrid2-grid-sm-12 MuiGrid2-grid-md-7 MuiGrid2-grid-lg-8 css-y7cztp-MuiGrid2-root"
    >
      <div
        class="MuiBox-root css-0"
      >
        <div
          class="MuiBox-root css-0"
        >
          <div
            class="MuiStepper-root MuiStepper-horizontal css-rkn5dl-MuiStepper-root"
            id="desktop-stepper"
          >
            <div
              class="MuiStep-root MuiStep-horizontal css-nd0xiu-MuiStep-root"
            >
              <span
                class="MuiStepLabel-root MuiStepLabel-horizontal css-ascpo7-MuiStepLabel-root"
              >
                <span
                  class="MuiStepLabel-iconContainer Mui-active css-vnkopk-MuiStepLabel-iconContainer"
                >
                  <svg
                    aria-hidden="true"
                    class="MuiSvgIcon-root MuiSvgIcon-fontSizeMedium MuiStepIcon-root Mui-active css-15rfbsb-MuiSvgIcon-root-MuiStepIcon-root"
                    focusable="false"
                    viewBox="0 0 24 24"
                  >
                    <circle
                      cx="12"
                      cy="12"
                      r="12"
                    />
                    <text
                      class="MuiStepIcon-text css-117w1su-MuiStepIcon-text"
                      dominant-baseline="central"
                      text-anchor="middle"
                      x="12"
                      y="12"
                    >
                      1
                    </text>
                  </svg>
                </span>
                <span
                  class="MuiStepLabel-labelContainer css-1vyamtt-MuiStepLabel-labelContainer"
                >
                  <span
                    class="MuiStepLabel-label Mui-active css-1hv8oq8-MuiStepLabel-label"
                  >
                    Personal Info
                  </span>
                </span>
              </span>
            </div>
            <div
              class="MuiStepConnector-root MuiStepConnector-horizontal Mui-disabled css-j5w0w9-MuiStepConnector-root"
            >
              <span
                class="MuiStepConnector-line MuiStepConnector-lineHorizontal css-1qv8q39-MuiStepConnector-line"
              />
            </div>
            <div
              class="MuiStep-root MuiStep-horizontal css-nd0xiu-MuiStep-root"
            >
              <span
                class="MuiStepLabel-root MuiStepLabel-horizontal Mui-disabled css-ascpo7-MuiStepLabel-root"
              >
                <span
                  class="MuiStepLabel-iconContainer Mui-disabled css-vnkopk-MuiStepLabel-iconContainer"
                >
                  <svg
                    aria-hidden="true"
                    class="MuiSvgIcon-root MuiSvgIcon-fontSizeMedium MuiStepIcon-root css-15rfbsb-MuiSvgIcon-root-MuiStepIcon-root"
                    focusable="false"
                    viewBox="0 0 24 24"
                  >
                    <circle
                      cx="12"
                      cy="12"
                      r="12"
                    />
                    <text
                      class="MuiStepIcon-text css-117w1su-MuiStepIcon-text"
                      dominant-baseline="central"
                      text-anchor="middle"
                      x="12"
                      y="12"
                    >
                      2
                    </text>
                  </svg>
                </span>
                <span
                  class="MuiStepLabel-labelContainer css-1vyamtt-MuiStepLabel-labelContainer"
                >
                  <span
                    class="MuiStepLabel-label Mui-disabled css-1hv8oq8-MuiStepLabel-label"
                  >
                    Financial Info
                  </span>
                </span>
              </span>
            </div>
            <div
              class="MuiStepConnector-root MuiStepConnector-horizontal Mui-disabled css-j5w0w9-MuiStepConnector-root"
            >
              <span
                class="MuiStepConnector-line MuiStepConnector-lineHorizontal css-1qv8q39-MuiStepConnector-line"
              />
            </div>
            <div
              class="MuiStep-root MuiStep-horizontal css-nd0xiu-MuiStep-root"
            >
              <span
                class="MuiStepLabel-root MuiStepLabel-horizontal Mui-disabled css-ascpo7-MuiStepLabel-root"
              >
                <span
                  class="MuiStepLabel-iconContainer Mui-disabled css-vnkopk-MuiStepLabel-iconContainer"
                >
                  <svg
                    aria-hidden="true"
                    class="MuiSvgIcon-root MuiSvgIcon-fontSizeMedium MuiStepIcon-root css-15rfbsb-MuiSvgIcon-root-MuiStepIcon-root"
                    focusable="false"
                    viewBox="0 0 24 24"
                  >
                    <circle
                      cx="12"
                      cy="12"
                      r="12"
                    />
                    <text
                      class="MuiStepIcon-text css-117w1su-MuiStepIcon-text"
                      dominant-baseline="central"
                      text-anchor="middle"
                      x="12"
                      y="12"
                    >
                      3
                    </text>
                  </svg>
                </span>
                <span
                  class="MuiStepLabel-labelContainer css-1vyamtt-MuiStepLabel-labelContainer"
                >
                  <span
                    class="MuiStepLabel-label Mui-disabled css-1hv8oq8-MuiStepLabel-label"
                  >
                    Review
                  </span>
                </span>
              </span>
            </div>
          </div>
        </div>
      </div>
      <div
        class="MuiPaper-root MuiPaper-elevation MuiPaper-rounded MuiPaper-elevation1 MuiCard-root css-qfnmc0-MuiPaper-root-MuiCard-root"
        style="--Paper-shadow: 0px 2px 1px -1px rgba(0,0,0,0.2),0px 1px 1px 0px rgba(0,0,0,0.14),0px 1px 3px 0px rgba(0,0,0,0.12);"
      >
        <div
          class="MuiCardContent-root css-ynms3u-MuiCardContent-root"
        >
          <div
            class="bg-white text-black p-4 MuiBox-root css-ph8oxj"
          >
            <h2
              class="MuiTypography-root MuiTypography-h2 MuiTypography-gutterBottom css-8s1fgi-MuiTypography-root"
            >
              Buena
            </h2>
            <p
              class="MuiTypography-root MuiTypography-body1 MuiTypography-alignJustify css-d4fp74-MuiTypography-root"
              style="--Typography-textAlign: justify;"
            >
              Our program, Buena Rentals, is dedicated to providing the best rental services in the industry. We offer a wide range of rental properties to suit all needs and budgets. Our team is committed to ensuring that our clients have a seamless and enjoyable rental experience.
            </p>
          </div>
        </div>
      </div>
      <div
        class="MuiBox-root css-0"
      >
        <div
          class="MuiStepper-root MuiStepper-horizontal MuiStepper-alternativeLabel css-qx00f7-MuiStepper-root"
          id="mobile-stepper"
        >
          <div
            class="MuiStep-root MuiStep-horizontal MuiStep-alternativeLabel css-190y1a4-MuiStep-root"
          >
            <span
              class="MuiStepLabel-root MuiStepLabel-horizontal MuiStepLabel-alternativeLabel css-qasq96-MuiStepLabel-root"
            >
              <span
                class="MuiStepLabel-iconContainer Mui-active MuiStepLabel-alternativeLabel css-vnkopk-MuiStepLabel-iconContainer"
              >
                <svg
                  aria-hidden="true"
                  class="MuiSvgIcon-root MuiSvgIcon-fontSizeMedium MuiStepIcon-root Mui-active css-15rfbsb-MuiSvgIcon-root-MuiStepIcon-root"
                  focusable="false"
                  viewBox="0 0 24 24"
                >
                  <circle
                    cx="12"
                    cy="12"
                    r="12"
                  />
                  <text
                    class="MuiStepIcon-text css-117w1su-MuiStepIcon-text"
                    dominant-baseline="central"
                    text-anchor="middle"
                    x="12"
                    y="12"
                  >
                    1
                  </text>
                </svg>
              </span>
              <span
                class="MuiStepLabel-labelContainer MuiStepLabel-alternativeLabel css-1vyamtt-MuiStepLabel-labelContainer"
              >
                <span
                  class="MuiStepLabel-label Mui-active MuiStepLabel-alternativeLabel css-1hv8oq8-MuiStepLabel-label"
                >
                  Personal Info
                </span>
              </span>
            </span>
          </div>
          <div
            class="MuiStep-root MuiStep-horizontal MuiStep-alternativeLabel css-190y1a4-MuiStep-root"
          >
            <div
              class="MuiStepConnector-root MuiStepConnector-horizontal MuiStepConnector-alternativeLabel Mui-disabled css-1gg6q23-MuiStepConnector-root"
            >
              <span
                class="MuiStepConnector-line MuiStepConnector-lineHorizontal css-1qv8q39-MuiStepConnector-line"
              />
            </div>
            <span
              class="MuiStepLabel-root MuiStepLabel-horizontal Mui-disabled MuiStepLabel-alternativeLabel css-qasq96-MuiStepLabel-root"
            >
              <span
                class="MuiStepLabel-iconContainer Mui-disabled MuiStepLabel-alternativeLabel css-vnkopk-MuiStepLabel-iconContainer"
              >
                <svg
                  aria-hidden="true"
                  class="MuiSvgIcon-root MuiSvgIcon-fontSizeMedium MuiStepIcon-root css-15rfbsb-MuiSvgIcon-root-MuiStepIcon-root"
                  focusable="false"
                  viewBox="0 0 24 24"
                >
                  <circle
                    cx="12"
                    cy="12"
                    r="12"
                  />
                  <text
                    class="MuiStepIcon-text css-117w1su-MuiStepIcon-text"
                    dominant-baseline="central"
                    text-anchor="middle"
                    x="12"
                    y="12"
                  >
                    2
                  </text>
                </svg>
              </span>
              <span
                class="MuiStepLabel-labelContainer MuiStepLabel-alternativeLabel css-1vyamtt-MuiStepLabel-labelContainer"
              >
                <span
                  class="MuiStepLabel-label Mui-disabled MuiStepLabel-alternativeLabel css-1hv8oq8-MuiStepLabel-label"
                >
                  Financial Info
                </span>
              </span>
            </span>
          </div>
          <div
            class="MuiStep-root MuiStep-horizontal MuiStep-alternativeLabel css-190y1a4-MuiStep-root"
          >
            <div
              class="MuiStepConnector-root MuiStepConnector-horizontal MuiStepConnector-alternativeLabel Mui-disabled css-1gg6q23-MuiStepConnector-root"
            >
              <span
                class="MuiStepConnector-line MuiStepConnector-lineHorizontal css-1qv8q39-MuiStepConnector-line"
              />
            </div>
            <span
              class="MuiStepLabel-root MuiStepLabel-horizontal Mui-disabled MuiStepLabel-alternativeLabel css-qasq96-MuiStepLabel-root"
            >
              <span
                class="MuiStepLabel-iconContainer Mui-disabled MuiStepLabel-alternativeLabel css-vnkopk-MuiStepLabel-iconContainer"
              >
                <svg
                  aria-hidden="true"
                  class="MuiSvgIcon-root MuiSvgIcon-fontSizeMedium MuiStepIcon-root css-15rfbsb-MuiSvgIcon-root-MuiStepIcon-root"
                  focusable="false"
                  viewBox="0 0 24 24"
                >
                  <circle
                    cx="12"
                    cy="12"
                    r="12"
                  />
                  <text
                    class="MuiStepIcon-text css-117w1su-MuiStepIcon-text"
                    dominant-baseline="central"
                    text-anchor="middle"
                    x="12"
                    y="12"
                  >
                    3
                  </text>
                </svg>
              </span>
              <span
                class="MuiStepLabel-labelContainer MuiStepLabel-alternativeLabel css-1vyamtt-MuiStepLabel-labelContainer"
              >
                <span
                  class="MuiStepLabel-label Mui-disabled MuiStepLabel-alternativeLabel css-1hv8oq8-MuiStepLabel-label"
                >
                  Review
                </span>
              </span>
            </span>
          </div>
        </div>
        <div
          class="MuiGrid2-root MuiGrid2-container MuiGrid2-direction-xs-row MuiGrid2-spacing-xs-3 css-2vr48m-MuiGrid2-root"
        >
          <div
            class="MuiGrid2-root MuiGrid2-direction-xs-row MuiGrid2-grid-xs-12 MuiGrid2-grid-md-6 css-cl2elj-MuiGrid2-root"
          >
            <label
              class="MuiFormLabel-root MuiFormLabel-colorPrimary Mui-required css-s6km2v-MuiFormLabel-root"
              for="first-name"
            >
              First name
              <span
                aria-hidden="true"
                class="MuiFormLabel-asterisk css-wgai2y-MuiFormLabel-asterisk"
              >
                 *
              </span>
            </label>
            <div
              class="MuiInputBase-root MuiOutlinedInput-root MuiInputBase-colorPrimary MuiInputBase-sizeSmall css-j882ge-MuiInputBase-root-MuiOutlinedInput-root"
              required=""
            >
              <input
                autocomplete="first name"
                class="MuiInputBase-input MuiOutlinedInput-input MuiInputBase-inputSizeSmall css-1sh6wjw-MuiInputBase-input-MuiOutlinedInput-input"
                id="first-name"
                name="firstName"
                placeholder="John"
                required=""
                type="name"
                value=""
              />
              <fieldset
                aria-hidden="true"
                class="MuiOutlinedInput-notchedOutline css-1d3z3hw-MuiOutlinedInput-notchedOutline"
              >
                <legend
                  class="css-gpjuor"
                >
                  <span
                    class="notranslate"
                  >
                    ​
                  </span>
                </legend>
              </fieldset>
            </div>
          </div>
          <div
            class="MuiGrid2-root MuiGrid2-direction-xs-row MuiGrid2-grid-xs-12 MuiGrid2-grid-md-6 css-cl2elj-MuiGrid2-root"
          >
            <label
              class="MuiFormLabel-root MuiFormLabel-colorPrimary Mui-required css-s6km2v-MuiFormLabel-root"
              for="last-name"
            >
              Last name
              <span
                aria-hidden="true"
                class="MuiFormLabel-asterisk css-wgai2y-MuiFormLabel-asterisk"
              >
                 *
              </span>
            </label>
            <div
              class="MuiInputBase-root MuiOutlinedInput-root MuiInputBase-colorPrimary MuiInputBase-sizeSmall css-j882ge-MuiInputBase-root-MuiOutlinedInput-root"
              required=""
            >
              <input
                autocomplete="last name"
                class="MuiInputBase-input MuiOutlinedInput-input MuiInputBase-inputSizeSmall css-1sh6wjw-MuiInputBase-input-MuiOutlinedInput-input"
                id="last-name"
                name="lastName"
                placeholder="Snow"
                required=""
                type="last-name"
                value=""
              />
              <fieldset
                aria-hidden="true"
                class="MuiOutlinedInput-notchedOutline css-1d3z3hw-MuiOutlinedInput-notchedOutline"
              >
                <legend
                  class="css-gpjuor"
                >
                  <span
                    class="notranslate"
                  >
                    ​
                  </span>
                </legend>
              </fieldset>
            </div>
          </div>
          <div
            class="MuiGrid2-root MuiGrid2-direction-xs-row MuiGrid2-grid-xs-12 css-63msfb-MuiGrid2-root"
          >
            <label
              class="MuiFormLabel-root MuiFormLabel-colorPrimary Mui-required css-s6km2v-MuiFormLabel-root"
              for="address1"
            >
              Address line 1
              <span
                aria-hidden="true"
                class="MuiFormLabel-asterisk css-wgai2y-MuiFormLabel-asterisk"
              >
                 *
              </span>
            </label>
            <div
              class="MuiInputBase-root MuiOutlinedInput-root MuiInputBase-colorPrimary MuiInputBase-sizeSmall css-j882ge-MuiInputBase-root-MuiOutlinedInput-root"
              required=""
            >
              <input
                autocomplete="shipping address-line1"
                class="MuiInputBase-input MuiOutlinedInput-input MuiInputBase-inputSizeSmall css-1sh6wjw-MuiInputBase-input-MuiOutlinedInput-input"
                id="address1"
                name="addressLine1"
                placeholder="Street name and number"
                required=""
                type="address1"
                value=""
              />
              <fieldset
                aria-hidden="true"
                class="MuiOutlinedInput-notchedOutline css-1d3z3hw-MuiOutlinedInput-notchedOutline"
              >
                <legend
                  class="css-gpjuor"
                >
                  <span
                    class="notranslate"
                  >
                    ​
                  </span>
                </legend>
              </fieldset>
            </div>
          </div>
          <div
            class="MuiGrid2-root MuiGrid2-direction-xs-row MuiGrid2-grid-xs-12 css-63msfb-MuiGrid2-root"
          >
            <label
              class="MuiFormLabel-root MuiFormLabel-colorPrimary css-s6km2v-MuiFormLabel-root"
              for="address2"
            >
              Address line 2
            </label>
            <div
              class="MuiInputBase-root MuiOutlinedInput-root MuiInputBase-colorPrimary MuiInputBase-sizeSmall css-j882ge-MuiInputBase-root-MuiOutlinedInput-root"
              required=""
            >
              <input
                autocomplete="shipping address-line2"
                class="MuiInputBase-input MuiOutlinedInput-input MuiInputBase-inputSizeSmall css-1sh6wjw-MuiInputBase-input-MuiOutlinedInput-input"
                id="address2"
                name="addressLine2"
                placeholder="Apartment, suite, unit, etc. (optional)"
                required=""
                type="address2"
                value=""
              />
              <fieldset
                aria-hidden="true"
                class="MuiOutlinedInput-notchedOutline css-1d3z3hw-MuiOutlinedInput-notchedOutline"
              >
                <legend
                  class="css-gpjuor"
                >
                  <span
                    class="notranslate"
                  >
                    ​
                  </span>
                </legend>
              </fieldset>
            </div>
          </div>
          <div
            class="MuiGrid2-root MuiGrid2-direction-xs-row MuiGrid2-grid-xs-6 css-adu8q4-MuiGrid2-root"
          >
            <label
              class="MuiFormLabel-root MuiFormLabel-colorPrimary Mui-required css-s6km2v-MuiFormLabel-root"
              for="city"
            >
              Email
              <span
                aria-hidden="true"
                class="MuiFormLabel-asterisk css-wgai2y-MuiFormLabel-asterisk"
              >
                 *
              </span>
            </label>
            <div
              class="MuiInputBase-root MuiOutlinedInput-root MuiInputBase-colorPrimary MuiInputBase-sizeSmall css-j882ge-MuiInputBase-root-MuiOutlinedInput-root"
              required=""
            >
              <input
                autocomplete="City"
                class="MuiInputBase-input MuiOutlinedInput-input MuiInputBase-inputSizeSmall css-1sh6wjw-MuiInputBase-input-MuiOutlinedInput-input"
                id="city"
                name="email"
                placeholder="New York"
                required=""
                type="city"
                value=""
              />
              <fieldset
                aria-hidden="true"
                class="MuiOutlinedInput-notchedOutline css-1d3z3hw-MuiOutlinedInput-notchedOutline"
              >
                <legend
                  class="css-gpjuor"
                >
                  <span
                    class="notranslate"
                  >
                    ​
                  </span>
                </legend>
              </fieldset>
            </div>
          </div>
          <div
            class="MuiGrid2-root MuiGrid2-direction-xs-row MuiGrid2-grid-xs-6 css-adu8q4-MuiGrid2-root"
          >
            <label
              class="MuiFormLabel-root MuiFormLabel-colorPrimary Mui-required css-s6km2v-MuiFormLabel-root"
              for="state"
            >
              Nationality
              <span
                aria-hidden="true"
                class="MuiFormLabel-asterisk css-wgai2y-MuiFormLabel-asterisk"
              >
                 *
              </span>
            </label>
            <div
              class="MuiInputBase-root MuiOutlinedInput-root MuiInputBase-colorPrimary MuiInputBase-sizeSmall css-j882ge-MuiInputBase-root-MuiOutlinedInput-root"
              required=""
            >
              <input
                class="MuiInputBase-input MuiOutlinedInput-input MuiInputBase-inputSizeSmall css-1sh6wjw-MuiInputBase-input-MuiOutlinedInput-input"
                id="nationality"
                name="nationality"
                required=""
                type="nationality"
                value=""
              />
              <fieldset
                aria-hidden="true"
                class="MuiOutlinedInput-notchedOutline css-1d3z3hw-MuiOutlinedInput-notchedOutline"
              >
                <legend
                  class="css-gpjuor"
                >
                  <span
                    class="notranslate"
                  >
                    ​
                  </span>
                </legend>
              </fieldset>
            </div>
          </div>
        </div>
        <div
          class="MuiBox-root css-1bodhlx"
        >
          <button
            class="MuiButtonBase-root MuiButton-root MuiButton-contained MuiButton-containedPrimary MuiButton-sizeMedium MuiButton-containedSizeMedium MuiButton-colorPrimary MuiButton-root MuiButton-contained MuiButton-containedPrimary MuiButton-sizeMedium MuiButton-containedSizeMedium MuiButton-colorPrimary css-kb5ssh-MuiButtonBase-root-MuiButton-root"
            tabindex="0"
            type="button"
          >
            Next
            <span
              class="MuiButton-icon MuiButton-endIcon MuiButton-iconSizeMedium css-1gulhci-MuiButton-endIcon"
            >
              <svg
                aria-hidden="true"
                class="MuiSvgIcon-root MuiSvgIcon-fontSizeMedium css-20bmp1-MuiSvgIcon-root"
                data-testid="ChevronRightRoundedIcon"
                focusable="false"
                viewBox="0 0 24 24"
              >
                <path
                  d="M9.29 6.71c-.39.39-.39 1.02 0 1.41L13.17 12l-3.88 3.88c-.39.39-.39 1.02 0 1.41s1.02.39 1.41 0l4.59-4.59c.39-.39.39-1.02 0-1.41L10.7 6.7c-.38-.38-1.02-.38-1.41.01"
                />
              </svg>
            </span>
          </button>
        </div>
      </div>
    </div>
  </div>
</DocumentFragment>
`;
