// Jest Snapshot v1, https://goo.gl/fbAQLP

exports[`Review Component matches the snapshot 1`] = `
<DocumentFragment>
  <div
    class="MuiStack-root css-14uew2-MuiStack-root"
  >
    <div>
      <h6
        class="MuiTypography-root MuiTypography-subtitle2 MuiTypography-gutterBottom css-kiph5z-MuiTypography-root"
      >
        Personal Information
      </h6>
      <p
        class="MuiTypography-root MuiTypography-body1 MuiTypography-gutterBottom css-1p5knw2-MuiTypography-root"
      >
        Pradeep Kaatnam
      </p>
      <p
        class="MuiTypography-root MuiTypography-body1 MuiTypography-gutterBottom css-xyih9o-MuiTypography-root"
      >
        123 Main St, Apt 4B
      </p>
      <p
        class="MuiTypography-root MuiTypography-body1 MuiTypography-gutterBottom css-1p5knw2-MuiTypography-root"
      >
        pradeep.kaats@example.com
      </p>
      <p
        class="MuiTypography-root MuiTypography-body1 MuiTypography-gutterBottom css-1p5knw2-MuiTypography-root"
      >
        Indian
      </p>
    </div>
    <hr
      class="MuiDivider-root MuiDivider-fullWidth MuiDivider-flexItem css-1quhdjb-MuiDivider-root"
    />
    <div>
      <h6
        class="MuiTypography-root MuiTypography-subtitle2 MuiTypography-gutterBottom css-kiph5z-MuiTypography-root"
      >
        Financial Information
      </h6>
      <div
        class="MuiGrid2-root MuiGrid2-container MuiGrid2-direction-xs-row css-16epkjp-MuiGrid2-root"
      >
        <div
          class="MuiStack-root css-470g19-MuiStack-root"
        >
          <p
            class="MuiTypography-root MuiTypography-body1 css-h6r3vf-MuiTypography-root"
          >
            Employment Status:
          </p>
          <p
            class="MuiTypography-root MuiTypography-body2 css-1nmqws6-MuiTypography-root"
            style="margin-top: 2px;"
          >
            Employed
          </p>
        </div>
        <div
          class="MuiStack-root css-470g19-MuiStack-root"
        >
          <p
            class="MuiTypography-root MuiTypography-body1 css-h6r3vf-MuiTypography-root"
          >
            Occupation:
          </p>
          <p
            class="MuiTypography-root MuiTypography-body2 css-1nmqws6-MuiTypography-root"
            style="margin-top: 2px;"
          >
            Software Engineer
          </p>
        </div>
        <div
          class="MuiStack-root css-470g19-MuiStack-root"
        >
          <p
            class="MuiTypography-root MuiTypography-body1 css-h6r3vf-MuiTypography-root"
          >
            Employer:
          </p>
          <p
            class="MuiTypography-root MuiTypography-body2 css-1nmqws6-MuiTypography-root"
            style="margin-top: 2px;"
          >
            Microsoft
          </p>
        </div>
        <div
          class="MuiStack-root css-470g19-MuiStack-root"
        >
          <p
            class="MuiTypography-root MuiTypography-body1 css-h6r3vf-MuiTypography-root"
          >
            Work Duration:
          </p>
          <p
            class="MuiTypography-root MuiTypography-body2 css-1nmqws6-MuiTypography-root"
            style="margin-top: 2px;"
          >
            2 years
          </p>
        </div>
        <div
          class="MuiStack-root css-470g19-MuiStack-root"
        >
          <p
            class="MuiTypography-root MuiTypography-body1 css-h6r3vf-MuiTypography-root"
          >
            Salary Indication:
          </p>
          <p
            class="MuiTypography-root MuiTypography-body2 css-1nmqws6-MuiTypography-root"
            style="margin-top: 2px;"
          >
            3.000 - 4.000
          </p>
        </div>
      </div>
    </div>
  </div>
</DocumentFragment>
`;
